// Jest Snapshot v1, https://goo.gl/fbAQLP

exports[`getTypeGroup() errors for invalid type 1`] = `"Cannot find group for type \\"unknown\\"."`;
